<html>
<body>
<pre>
<h1>µVision Build Log</h1>
<h2>Tool Versions:</h2>
IDE-Version: ¦ÌVision V5.27.1.0
Copyright (C) 2019 ARM Ltd and ARM Germany GmbH. All rights reserved.
License Information: 1 1, 1, LIC=BUURY-ID3ZX-RAYDM-XKKPI-23WT0-E8MN8
 
Tool Versions:
Toolchain:       MDK-ARM Plus  Version: 5.25.0.0
Toolchain Path:  C:\Keil_v5\ARM\ARMCC\Bin
C Compiler:      Armcc.exe V5.06 update 6 (build 750)
Assembler:       Armasm.exe V5.06 update 6 (build 750)
Linker/Locator:  ArmLink.exe V5.06 update 6 (build 750)
Library Manager: ArmAr.exe V5.06 update 6 (build 750)
Hex Converter:   FromElf.exe V5.06 update 6 (build 750)
CPU DLL:         SARMCM3.DLL V5.25.0.0
Dialog DLL:      DCM.DLL V1.17.0.0
Target DLL:      STLink\ST-LINKIII-KEIL_SWO.dll V3.0.1.0
Dialog DLL:      TCM.DLL V1.34.0.0
 
<h2>Project:</h2>
D:\Desktop\Microcontroller LAB1\Microcontroller LAB1.uvprojx
Project File Date:  03/21/2026

<h2>Output:</h2>
*** Using Compiler 'V5.06 update 6 (build 750)', folder: 'C:\Keil_v5\ARM\ARMCC\Bin'
Rebuild target 'Target 1'
assembling startup_stm32l476xx.s...
compiling system_stm32l4xx.c...
compiling main.c...
main.c(419): warning:  #177-D: function "itoa1"  was declared but never referenced
  static void itoa1(char *buf, uint8_t v)
main.c(426): warning:  #177-D: function "itoa2"  was declared but never referenced
  static void itoa2(char *buf, uint8_t v)
main.c: 2 warnings, 0 errors
linking...
Program Size: Code=3986 RO-data=818 RW-data=68 ZI-data=2660  
".\Objects\Microcontroller LAB1.axf" - 0 Error(s), 2 Warning(s).

<h2>Software Packages used:</h2>

Package Vendor: ARM
                http://www.keil.com/pack/ARM.CMSIS.5.2.0.pack
                ARM.CMSIS.5.2.0
                CMSIS (Cortex Microcontroller Software Interface Standard)
   * Component: CORE Version: 5.0.2

Package Vendor: Keil
                http://www.keil.com/pack/Keil.STM32L4xx_DFP.2.2.0.pack
                Keil.STM32L4xx_DFP.2.2.0
                STMicroelectronics STM32L4 Series Device Support, Drivers and Examples
   * Component: Startup Version: 1.3.1

<h2>Collection of Component include folders:</h2>
  .\RTE\_Target_1
  C:\Keil_v5\ARM\PACK\ARM\CMSIS\5.2.0\CMSIS\Include
  C:\Keil_v5\ARM\PACK\Keil\STM32L4xx_DFP\2.2.0\Drivers\CMSIS\Device\ST\STM32L4xx\Include

<h2>Collection of Component Files used:</h2>

   * Component: ARM::CMSIS:CORE:5.0.2

   * Component: Keil::Device:Startup:1.3.1
      Source file:   MDK\Device\Source\ARM\STM32L4xx_DB_OPT.s
      Include file:  Drivers\CMSIS\Device\ST\STM32L4xx\Include\stm32l4xx.h
      Source file:   Drivers\CMSIS\Device\ST\STM32L4xx\Source\Templates\system_stm32l4xx.c
      Source file:   Drivers\CMSIS\Device\ST\STM32L4xx\Source\Templates\arm\startup_stm32l476xx.s
Build Time Elapsed:  00:00:01
</pre>
</body>
</html>
